#-----------------------------------------------------------
# Vivado v2024.2 (64-bit)
# SW Build 5239630 on Fri Nov 08 22:34:34 MST 2024
# IP Build 5239520 on Sun Nov 10 16:12:51 MST 2024
# SharedData Build 5239561 on Fri Nov 08 14:39:27 MST 2024
# Start of session at: Thu Aug 13 12:56:38 2026
# Process ID         : 328678
# Current directory  : /home/student/internship/hls_project/sa_double_2by2/sa_double_2by2/hls/impl/ip
# Command line       : vivado -notrace -mode batch -source run_ippack.tcl
# Log file           : /home/student/internship/hls_project/sa_double_2by2/sa_double_2by2/hls/impl/ip/vivado.log
# Journal file       : /home/student/internship/hls_project/sa_double_2by2/sa_double_2by2/hls/impl/ip/vivado.jou
# Running On         : student
# Platform           : Ubuntu
# Operating System   : Ubuntu 22.04.5 LTS
# Processor Detail   : Intel(R) Core(TM) i7-8700 CPU @ 3.20GHz
# CPU Frequency      : 3192.000 MHz
# CPU Physical cores : 6
# CPU Logical cores  : 6
# Host memory        : 22842 MB
# Swap memory        : 2147 MB
# Total Virtual      : 24989 MB
# Available Virtual  : 13764 MB
#-----------------------------------------------------------
source run_ippack.tcl -notrace
INFO: calling package_hls_ip ip_types=vitis sysgen json_file=/home/student/internship/hls_project/sa_double_2by2/sa_double_2by2/hls/hls_data.json outdir=/home/student/internship/hls_project/sa_double_2by2/sa_double_2by2/hls/impl/ip srcdir=/home/student/internship/hls_project/sa_double_2by2/sa_double_2by2/hls sort_interfaces_ports=false
INFO: Copied 1 ipmisc file(s) to /home/student/internship/hls_project/sa_double_2by2/sa_double_2by2/hls/impl/ip/misc
INFO: Copied 43 verilog file(s) to /home/student/internship/hls_project/sa_double_2by2/sa_double_2by2/hls/impl/ip/hdl/verilog
INFO: Copied 32 vhdl file(s) to /home/student/internship/hls_project/sa_double_2by2/sa_double_2by2/hls/impl/ip/hdl/vhdl
INFO: Copied 10 swdriver file(s) to /home/student/internship/hls_project/sa_double_2by2/sa_double_2by2/hls/impl/ip/drivers
ipx::create_core: Time (s): cpu = 00:00:06 ; elapsed = 00:00:07 . Memory (MB): peak = 1399.301 ; gain = 0.023 ; free physical = 8354 ; free virtual = 12778
INFO: Import ports from HDL: /home/student/internship/hls_project/sa_double_2by2/sa_double_2by2/hls/impl/ip/hdl/vhdl/sa_grid.vhd (sa_grid)
INFO: Add axi4lite interface s_axi_control
INFO: Add clock interface ap_clk
INFO: Add reset interface ap_rst_n
INFO: Add interrupt interface interrupt
INFO: [IP_Flow 19-234] Refreshing IP repositories
INFO: [IP_Flow 19-1704] No user IP repositories specified
INFO: [IP_Flow 19-2313] Loaded Vivado IP repository '/tools/Xilinx/Vivado/2024.2/data/ip'.
INFO: Add axi4stream interface in_left
INFO: Add axi4stream interface in_up
INFO: Add axi4stream interface out_right
INFO: Add axi4stream interface out_down
INFO: Calling post_process_vitis to specialize IP
INFO: Calling post_process_sysgen to specialize IP
Generating sysgen info xml from json file
INFO: Created IP /home/student/internship/hls_project/sa_double_2by2/sa_double_2by2/hls/impl/ip/component.xml
INFO: Created IP archive /home/student/internship/hls_project/sa_double_2by2/sa_double_2by2/hls/impl/ip/xilinx_com_hls_sa_grid_1_0.zip
INFO: [Common 17-206] Exiting Vivado at Thu Aug 13 12:57:03 2026...
